Archive member included to satisfy reference by file (symbol)

c:/st/stm32cubeide_1.0.2/stm32cubeide/plugins/com.st.stm32cube.ide.mcu.externaltools.gnu-tools-for-stm32.7-2018-q2-update.win32_1.0.0.201904181610/tools/bin/../lib/gcc/arm-none-eabi/7.3.1/../../../../arm-none-eabi/lib/thumb/v7-m\libc_nano.a(lib_a-errno.o)
                              Src/syscalls.o (__errno)
c:/st/stm32cubeide_1.0.2/stm32cubeide/plugins/com.st.stm32cube.ide.mcu.externaltools.gnu-tools-for-stm32.7-2018-q2-update.win32_1.0.0.201904181610/tools/bin/../lib/gcc/arm-none-eabi/7.3.1/../../../../arm-none-eabi/lib/thumb/v7-m\libc_nano.a(lib_a-exit.o)
                              c:/st/stm32cubeide_1.0.2/stm32cubeide/plugins/com.st.stm32cube.ide.mcu.externaltools.gnu-tools-for-stm32.7-2018-q2-update.win32_1.0.0.201904181610/tools/bin/../lib/gcc/arm-none-eabi/7.3.1/../../../../arm-none-eabi/lib/thumb/v7-m/crt0.o (exit)
c:/st/stm32cubeide_1.0.2/stm32cubeide/plugins/com.st.stm32cube.ide.mcu.externaltools.gnu-tools-for-stm32.7-2018-q2-update.win32_1.0.0.201904181610/tools/bin/../lib/gcc/arm-none-eabi/7.3.1/../../../../arm-none-eabi/lib/thumb/v7-m\libc_nano.a(lib_a-impure.o)
                              c:/st/stm32cubeide_1.0.2/stm32cubeide/plugins/com.st.stm32cube.ide.mcu.externaltools.gnu-tools-for-stm32.7-2018-q2-update.win32_1.0.0.201904181610/tools/bin/../lib/gcc/arm-none-eabi/7.3.1/../../../../arm-none-eabi/lib/thumb/v7-m\libc_nano.a(lib_a-exit.o) (_global_impure_ptr)
c:/st/stm32cubeide_1.0.2/stm32cubeide/plugins/com.st.stm32cube.ide.mcu.externaltools.gnu-tools-for-stm32.7-2018-q2-update.win32_1.0.0.201904181610/tools/bin/../lib/gcc/arm-none-eabi/7.3.1/../../../../arm-none-eabi/lib/thumb/v7-m\libc_nano.a(lib_a-init.o)
                              c:/st/stm32cubeide_1.0.2/stm32cubeide/plugins/com.st.stm32cube.ide.mcu.externaltools.gnu-tools-for-stm32.7-2018-q2-update.win32_1.0.0.201904181610/tools/bin/../lib/gcc/arm-none-eabi/7.3.1/../../../../arm-none-eabi/lib/thumb/v7-m/crt0.o (__libc_init_array)
c:/st/stm32cubeide_1.0.2/stm32cubeide/plugins/com.st.stm32cube.ide.mcu.externaltools.gnu-tools-for-stm32.7-2018-q2-update.win32_1.0.0.201904181610/tools/bin/../lib/gcc/arm-none-eabi/7.3.1/../../../../arm-none-eabi/lib/thumb/v7-m\libc_nano.a(lib_a-memset.o)
                              c:/st/stm32cubeide_1.0.2/stm32cubeide/plugins/com.st.stm32cube.ide.mcu.externaltools.gnu-tools-for-stm32.7-2018-q2-update.win32_1.0.0.201904181610/tools/bin/../lib/gcc/arm-none-eabi/7.3.1/../../../../arm-none-eabi/lib/thumb/v7-m/crt0.o (memset)

Allocating common symbols
Common symbol       size              file

USERPath            0x4               Src/fatfs.o
uwTick              0x4               Drivers/STM32F1xx_HAL_Driver/Src/stm32f1xx_hal.o
pFlash              0x20              Drivers/STM32F1xx_HAL_Driver/Src/stm32f1xx_hal_flash.o
htim3               0x40              Src/main.o
file                0x22c             Src/main.o
retUSER             0x1               Src/fatfs.o
W25QXX_BUFFER       0x1000            Src/w25q64.o
hspi1               0x58              Src/main.o
USERFile            0x22c             Src/fatfs.o
USERFatFS           0x230             Src/fatfs.o
fatfs               0x230             Src/main.o

Discarded input sections

 .text          0x0000000000000000        0x0 c:/st/stm32cubeide_1.0.2/stm32cubeide/plugins/com.st.stm32cube.ide.mcu.externaltools.gnu-tools-for-stm32.7-2018-q2-update.win32_1.0.0.201904181610/tools/bin/../lib/gcc/arm-none-eabi/7.3.1/thumb/v7-m/crti.o
 .data          0x0000000000000000        0x0 c:/st/stm32cubeide_1.0.2/stm32cubeide/plugins/com.st.stm32cube.ide.mcu.externaltools.gnu-tools-for-stm32.7-2018-q2-update.win32_1.0.0.201904181610/tools/bin/../lib/gcc/arm-none-eabi/7.3.1/thumb/v7-m/crti.o
 .bss           0x0000000000000000        0x0 c:/st/stm32cubeide_1.0.2/stm32cubeide/plugins/com.st.stm32cube.ide.mcu.externaltools.gnu-tools-for-stm32.7-2018-q2-update.win32_1.0.0.201904181610/tools/bin/../lib/gcc/arm-none-eabi/7.3.1/thumb/v7-m/crti.o
 .data          0x0000000000000000        0x4 c:/st/stm32cubeide_1.0.2/stm32cubeide/plugins/com.st.stm32cube.ide.mcu.externaltools.gnu-tools-for-stm32.7-2018-q2-update.win32_1.0.0.201904181610/tools/bin/../lib/gcc/arm-none-eabi/7.3.1/thumb/v7-m/crtbegin.o
 .text          0x0000000000000000       0x74 c:/st/stm32cubeide_1.0.2/stm32cubeide/plugins/com.st.stm32cube.ide.mcu.externaltools.gnu-tools-for-stm32.7-2018-q2-update.win32_1.0.0.201904181610/tools/bin/../lib/gcc/arm-none-eabi/7.3.1/../../../../arm-none-eabi/lib/thumb/v7-m/crt0.o
 .data          0x0000000000000000        0x0 c:/st/stm32cubeide_1.0.2/stm32cubeide/plugins/com.st.stm32cube.ide.mcu.externaltools.gnu-tools-for-stm32.7-2018-q2-update.win32_1.0.0.201904181610/tools/bin/../lib/gcc/arm-none-eabi/7.3.1/../../../../arm-none-eabi/lib/thumb/v7-m/crt0.o
[...]
Memory Configuration

Name             Origin             Length             Attributes
RAM              0x0000000020000000 0x000000000000c000 xrw
FLASH            0x0000000008000000 0x0000000000040000 xr
*default*        0x0000000000000000 0xffffffffffffffff

Linker script and memory map

LOAD c:/st/stm32cubeide_1.0.2/stm32cubeide/plugins/com.st.stm32cube.ide.mcu.externaltools.gnu-tools-for-stm32.7-2018-q2-update.win32_1.0.0.201904181610/tools/bin/../lib/gcc/arm-none-eabi/7.3.1/thumb/v7-m/crti.o
LOAD c:/st/stm32cubeide_1.0.2/stm32cubeide/plugins/com.st.stm32cube.ide.mcu.externaltools.gnu-tools-for-stm32.7-2018-q2-update.win32_1.0.0.201904181610/tools/bin/../lib/gcc/arm-none-eabi/7.3.1/thumb/v7-m/crtbegin.o
LOAD c:/st/stm32cubeide_1.0.2/stm32cubeide/plugins/com.st.stm32cube.ide.mcu.externaltools.gnu-tools-for-stm32.7-2018-q2-update.win32_1.0.0.201904181610/tools/bin/../lib/gcc/arm-none-eabi/7.3.1/../../../../arm-none-eabi/lib/thumb/v7-m/crt0.o
LOAD Drivers/STM32F1xx_HAL_Driver/Src/stm32f1xx_hal.o
LOAD Drivers/STM32F1xx_HAL_Driver/Src/stm32f1xx_hal_cortex.o
LOAD Drivers/STM32F1xx_HAL_Driver/Src/stm32f1xx_hal_dma.o
LOAD Drivers/STM32F1xx_HAL_Driver/Src/stm32f1xx_hal_exti.o
LOAD Drivers/STM32F1xx_HAL_Driver/Src/stm32f1xx_hal_flash.o
LOAD Drivers/STM32F1xx_HAL_Driver/Src/stm32f1xx_hal_flash_ex.o
LOAD Drivers/STM32F1xx_HAL_Driver/Src/stm32f1xx_hal_gpio.o
LOAD Drivers/STM32F1xx_HAL_Driver/Src/stm32f1xx_hal_gpio_ex.o
LOAD Drivers/STM32F1xx_HAL_Driver/Src/stm32f1xx_hal_pwr.o
LOAD Drivers/STM32F1xx_HAL_Driver/Src/stm32f1xx_hal_rcc.o
LOAD Drivers/STM32F1xx_HAL_Driver/Src/stm32f1xx_hal_rcc_ex.o
LOAD Drivers/STM32F1xx_HAL_Driver/Src/stm32f1xx_hal_spi.o
LOAD Drivers/STM32F1xx_HAL_Driver/Src/stm32f1xx_hal_tim.o
LOAD Drivers/STM32F1xx_HAL_Driver/Src/stm32f1xx_hal_tim_ex.o
LOAD Middlewares/Third_Party/FatFs/src/diskio.o
LOAD Middlewares/Third_Party/FatFs/src/ff.o
LOAD Middlewares/Third_Party/FatFs/src/ff_gen_drv.o
LOAD Middlewares/Third_Party/FatFs/src/option/syscall.o
LOAD Src/fatfs.o
LOAD Src/main.o
LOAD Src/stm32f1xx_hal_msp.o
LOAD Src/stm32f1xx_it.o
LOAD Src/syscalls.o
LOAD Src/sysmem.o
LOAD Src/system_stm32f1xx.o
LOAD Src/user_diskio.o
LOAD Src/w25q64.o
LOAD Startup/startup_stm32f103rctx.o
START GROUP
LOAD c:/st/stm32cubeide_1.0.2/stm32cubeide/plugins/com.st.stm32cube.ide.mcu.externaltools.gnu-tools-for-stm32.7-2018-q2-update.win32_1.0.0.201904181610/tools/bin/../lib/gcc/arm-none-eabi/7.3.1/../../../../arm-none-eabi/lib/thumb/v7-m\libc_nano.a
LOAD c:/st/stm32cubeide_1.0.2/stm32cubeide/plugins/com.st.stm32cube.ide.mcu.externaltools.gnu-tools-for-stm32.7-2018-q2-update.win32_1.0.0.201904181610/tools/bin/../lib/gcc/arm-none-eabi/7.3.1/../../../../arm-none-eabi/lib/thumb/v7-m\libm.a
END GROUP
START GROUP
LOAD c:/st/stm32cubeide_1.0.2/stm32cubeide/plugins/com.st.stm32cube.ide.mcu.externaltools.gnu-tools-for-stm32.7-2018-q2-update.win32_1.0.0.201904181610/tools/bin/../lib/gcc/arm-none-eabi/7.3.1/thumb/v7-m\libgcc.a
LOAD c:/st/stm32cubeide_1.0.2/stm32cubeide/plugins/com.st.stm32cube.ide.mcu.externaltools.gnu-tools-for-stm32.7-2018-q2-update.win32_1.0.0.201904181610/tools/bin/../lib/gcc/arm-none-eabi/7.3.1/../../../../arm-none-eabi/lib/thumb/v7-m\libc_nano.a
END GROUP
START GROUP
LOAD c:/st/stm32cubeide_1.0.2/stm32cubeide/plugins/com.st.stm32cube.ide.mcu.externaltools.gnu-tools-for-stm32.7-2018-q2-update.win32_1.0.0.201904181610/tools/bin/../lib/gcc/arm-none-eabi/7.3.1/thumb/v7-m\libgcc.a
LOAD c:/st/stm32cubeide_1.0.2/stm32cubeide/plugins/com.st.stm32cube.ide.mcu.externaltools.gnu-tools-for-stm32.7-2018-q2-update.win32_1.0.0.201904181610/tools/bin/../lib/gcc/arm-none-eabi/7.3.1/../../../../arm-none-eabi/lib/thumb/v7-m\libc_nano.a
LOAD c:/st/stm32cubeide_1.0.2/stm32cubeide/plugins/com.st.stm32cube.ide.mcu.externaltools.gnu-tools-for-stm32.7-2018-q2-update.win32_1.0.0.201904181610/tools/bin/../lib/gcc/arm-none-eabi/7.3.1/../../../../arm-none-eabi/lib/thumb/v7-m\libnosys.a
END GROUP
START GROUP
LOAD c:/st/stm32cubeide_1.0.2/stm32cubeide/plugins/com.st.stm32cube.ide.mcu.externaltools.gnu-tools-for-stm32.7-2018-q2-update.win32_1.0.0.201904181610/tools/bin/../lib/gcc/arm-none-eabi/7.3.1/thumb/v7-m\libgcc.a
LOAD c:/st/stm32cubeide_1.0.2/stm32cubeide/plugins/com.st.stm32cube.ide.mcu.externaltools.gnu-tools-for-stm32.7-2018-q2-update.win32_1.0.0.201904181610/tools/bin/../lib/gcc/arm-none-eabi/7.3.1/../../../../arm-none-eabi/lib/thumb/v7-m\libc_nano.a
LOAD c:/st/stm32cubeide_1.0.2/stm32cubeide/plugins/com.st.stm32cube.ide.mcu.externaltools.gnu-tools-for-stm32.7-2018-q2-update.win32_1.0.0.201904181610/tools/bin/../lib/gcc/arm-none-eabi/7.3.1/../../../../arm-none-eabi/lib/thumb/v7-m\libnosys.a
END GROUP
LOAD c:/st/stm32cubeide_1.0.2/stm32cubeide/plugins/com.st.stm32cube.ide.mcu.externaltools.gnu-tools-for-stm32.7-2018-q2-update.win32_1.0.0.201904181610/tools/bin/../lib/gcc/arm-none-eabi/7.3.1/thumb/v7-m/crtend.o
LOAD c:/st/stm32cubeide_1.0.2/stm32cubeide/plugins/com.st.stm32cube.ide.mcu.externaltools.gnu-tools-for-stm32.7-2018-q2-update.win32_1.0.0.201904181610/tools/bin/../lib/gcc/arm-none-eabi/7.3.1/thumb/v7-m/crtn.o
                0x000000002000c000                _estack = 0x2000c000
                0x0000000000000200                _Min_Heap_Size = 0x200
                0x0000000000000400                _Min_Stack_Size = 0x400

.isr_vector     0x0000000008000000      0x1e4
                0x0000000008000000                . = ALIGN (0x4)
 *(.isr_vector)
 .isr_vector    0x0000000008000000      0x1e4 Startup/startup_stm32f103rctx.o
                0x0000000008000000                g_pfnVectors
                0x00000000080001e4                . = ALIGN (0x4)

.text           0x00000000080001e4     0x4aa0
                0x00000000080001e4                . = ALIGN (0x4)
 *(.text)
 .text          0x00000000080001e4       0x40 c:/st/stm32cubeide_1.0.2/stm32cubeide/plugins/com.st.stm32cube.ide.mcu.externaltools.gnu-tools-for-stm32.7-2018-q2-update.win32_1.0.0.201904181610/tools/bin/../lib/gcc/arm-none-eabi/7.3.1/thumb/v7-m/crtbegin.o
 *(.text*)
 .text.HAL_Init
                0x0000000008000224       0x2c Drivers/STM32F1xx_HAL_Driver/Src/stm32f1xx_hal.o
                0x0000000008000224                HAL_Init
 .text.HAL_InitTick
                0x0000000008000250       0x60 Drivers/STM32F1xx_HAL_Driver/Src/stm32f1xx_hal.o
                0x0000000008000250                HAL_InitTick
 .text.HAL_IncTick
                0x00000000080002b0       0x24 Drivers/STM32F1xx_HAL_Driver/Src/stm32f1xx_hal.o
                0x00000000080002b0                HAL_IncTick
 .text.HAL_GetTick
                0x00000000080002d4       0x14 Drivers/STM32F1xx_HAL_Driver/Src/stm32f1xx_hal.o
                0x00000000080002d4                HAL_GetTick
 .text.__NVIC_SetPriorityGrouping
                0x00000000080002e8       0x48 Drivers/STM32F1xx_HAL_Driver/Src/stm32f1xx_hal_cortex.o
 .text.__NVIC_GetPriorityGrouping
                0x0000000008000330       0x1c Drivers/STM32F1xx_HAL_Driver/Src/stm32f1xx_hal_cortex.o
 .text.__NVIC_EnableIRQ
                0x000000000800034c       0x38 Drivers/STM32F1xx_HAL_Driver/Src/stm32f1xx_hal_cortex.o
 .text.__NVIC_SetPriority
                0x0000000008000384       0x54 Drivers/STM32F1xx_HAL_Driver/Src/stm32f1xx_hal_cortex.o
 .text.NVIC_EncodePriority
                0x00000000080003d8       0x64 Drivers/STM32F1xx_HAL_Driver/Src/stm32f1xx_hal_cortex.o
 .text.SysTick_Config
                0x000000000800043c       0x44 Drivers/STM32F1xx_HAL_Driver/Src/stm32f1xx_hal_cortex.o
 .text.HAL_NVIC_SetPriorityGrouping
                0x0000000008000480       0x16 Drivers/STM32F1xx_HAL_Driver/Src/stm32f1xx_hal_cortex.o
                0x0000000008000480                HAL_NVIC_SetPriorityGrouping
 .text.HAL_NVIC_SetPriority
                0x0000000008000496       0x38 Drivers/STM32F1xx_HAL_Driver/Src/stm32f1xx_hal_cortex.o
                0x0000000008000496                HAL_NVIC_SetPriority
 .text.HAL_NVIC_EnableIRQ
                0x00000000080004ce       0x1c Drivers/STM32F1xx_HAL_Driver/Src/stm32f1xx_hal_cortex.o
                0x00000000080004ce                HAL_NVIC_EnableIRQ
 .text.HAL_SYSTICK_Config
                0x00000000080004ea       0x18 Drivers/STM32F1xx_HAL_Driver/Src/stm32f1xx_hal_cortex.o
                0x00000000080004ea                HAL_SYSTICK_Config
 *fill*         0x0000000008000502        0x2 
 .text.HAL_GPIO_Init
                0x0000000008000504      0x2d4 Drivers/STM32F1xx_HAL_Driver/Src/stm32f1xx_hal_gpio.o
                0x0000000008000504                HAL_GPIO_Init
 .text.HAL_GPIO_WritePin
                0x00000000080007d8       0x30 Drivers/STM32F1xx_HAL_Driver/Src/stm32f1xx_hal_gpio.o
                0x00000000080007d8                HAL_GPIO_WritePin
 .text.HAL_RCC_OscConfig
                0x0000000008000808      0x500 Drivers/STM32F1xx_HAL_Driver/Src/stm32f1xx_hal_rcc.o
                0x0000000008000808                HAL_RCC_OscConfig
 .text.HAL_RCC_ClockConfig
                0x0000000008000d08      0x1d4 Drivers/STM32F1xx_HAL_Driver/Src/stm32f1xx_hal_rcc.o
                0x0000000008000d08                HAL_RCC_ClockConfig
 .text.HAL_RCC_EnableCSS
                0x0000000008000edc       0x18 Drivers/STM32F1xx_HAL_Driver/Src/stm32f1xx_hal_rcc.o
                0x0000000008000edc                HAL_RCC_EnableCSS
 .text.HAL_RCC_GetSysClockFreq
                0x0000000008000ef4       0xc4 Drivers/STM32F1xx_HAL_Driver/Src/stm32f1xx_hal_rcc.o
                0x0000000008000ef4                HAL_RCC_GetSysClockFreq
 .text.RCC_Delay
                0x0000000008000fb8       0x3c Drivers/STM32F1xx_HAL_Driver/Src/stm32f1xx_hal_rcc.o
 .text.HAL_SPI_Init
                0x0000000008000ff4       0xc2 Drivers/STM32F1xx_HAL_Driver/Src/stm32f1xx_hal_spi.o
                0x0000000008000ff4                HAL_SPI_Init
 .text.HAL_SPI_TransmitReceive
                0x00000000080010b6      0x344 Drivers/STM32F1xx_HAL_Driver/Src/stm32f1xx_hal_spi.o
                0x00000000080010b6                HAL_SPI_TransmitReceive
 .text.SPI_WaitFlagStateUntilTimeout
                0x00000000080013fa       0xd4 Drivers/STM32F1xx_HAL_Driver/Src/stm32f1xx_hal_spi.o
 .text.SPI_EndRxTxTransaction
                0x00000000080014ce       0x3c Drivers/STM32F1xx_HAL_Driver/Src/stm32f1xx_hal_spi.o
 .text.HAL_TIM_Base_Init
                0x000000000800150a       0x56 Drivers/STM32F1xx_HAL_Driver/Src/stm32f1xx_hal_tim.o
                0x000000000800150a                HAL_TIM_Base_Init
 .text.HAL_TIM_Base_Start_IT
                0x0000000008001560       0x46 Drivers/STM32F1xx_HAL_Driver/Src/stm32f1xx_hal_tim.o
                0x0000000008001560                HAL_TIM_Base_Start_IT
 .text.HAL_TIM_IRQHandler
                0x00000000080015a6      0x210 Drivers/STM32F1xx_HAL_Driver/Src/stm32f1xx_hal_tim.o
                0x00000000080015a6                HAL_TIM_IRQHandler
 .text.HAL_TIM_ConfigClockSource
                0x00000000080017b6      0x16e Drivers/STM32F1xx_HAL_Driver/Src/stm32f1xx_hal_tim.o
                0x00000000080017b6                HAL_TIM_ConfigClockSource
 .text.HAL_TIM_OC_DelayElapsedCallback
                0x0000000008001924       0x12 Drivers/STM32F1xx_HAL_Driver/Src/stm32f1xx_hal_tim.o
                0x0000000008001924                HAL_TIM_OC_DelayElapsedCallback
 .text.HAL_TIM_IC_CaptureCallback
                0x0000000008001936       0x12 Drivers/STM32F1xx_HAL_Driver/Src/stm32f1xx_hal_tim.o
                0x0000000008001936                HAL_TIM_IC_CaptureCallback
 .text.HAL_TIM_PWM_PulseFinishedCallback
                0x0000000008001948       0x12 Drivers/STM32F1xx_HAL_Driver/Src/stm32f1xx_hal_tim.o
                0x0000000008001948                HAL_TIM_PWM_PulseFinishedCallback
 .text.HAL_TIM_TriggerCallback
                0x000000000800195a       0x12 Drivers/STM32F1xx_HAL_Driver/Src/stm32f1xx_hal_tim.o
                0x000000000800195a                HAL_TIM_TriggerCallback
 .text.TIM_Base_SetConfig
                0x000000000800196c       0xf4 Drivers/STM32F1xx_HAL_Driver/Src/stm32f1xx_hal_tim.o
                0x000000000800196c                TIM_Base_SetConfig
 .text.TIM_TI1_ConfigInputStage
                0x0000000008001a60       0x5c Drivers/STM32F1xx_HAL_Driver/Src/stm32f1xx_hal_tim.o
 .text.TIM_TI2_ConfigInputStage
                0x0000000008001abc       0x5e Drivers/STM32F1xx_HAL_Driver/Src/stm32f1xx_hal_tim.o
 .text.TIM_ITRx_SetConfig
                0x0000000008001b1a       0x34 Drivers/STM32F1xx_HAL_Driver/Src/stm32f1xx_hal_tim.o
 .text.TIM_ETR_SetConfig
                0x0000000008001b4e       0x3e Drivers/STM32F1xx_HAL_Driver/Src/stm32f1xx_hal_tim.o
                0x0000000008001b4e                TIM_ETR_SetConfig
 .text.HAL_TIMEx_MasterConfigSynchronization
                0x0000000008001b8c       0x88 Drivers/STM32F1xx_HAL_Driver/Src/stm32f1xx_hal_tim_ex.o
                0x0000000008001b8c                HAL_TIMEx_MasterConfigSynchronization
 .text.HAL_TIMEx_CommutCallback
                0x0000000008001c14       0x12 Drivers/STM32F1xx_HAL_Driver/Src/stm32f1xx_hal_tim_ex.o
                0x0000000008001c14                HAL_TIMEx_CommutCallback
 .text.HAL_TIMEx_BreakCallback
                0x0000000008001c26       0x12 Drivers/STM32F1xx_HAL_Driver/Src/stm32f1xx_hal_tim_ex.o
                0x0000000008001c26                HAL_TIMEx_BreakCallback
 .text.disk_status
                0x0000000008001c38       0x34 Middlewares/Third_Party/FatFs/src/diskio.o
                0x0000000008001c38                disk_status
 .text.disk_initialize
                0x0000000008001c6c       0x4c Middlewares/Third_Party/FatFs/src/diskio.o
                0x0000000008001c6c                disk_initialize
 .text.disk_read
                0x0000000008001cb8       0x40 Middlewares/Third_Party/FatFs/src/diskio.o
                0x0000000008001cb8                disk_read
 .text.disk_write
                0x0000000008001cf8       0x40 Middlewares/Third_Party/FatFs/src/diskio.o
                0x0000000008001cf8                disk_write
 .text.disk_ioctl
                0x0000000008001d38       0x3c Middlewares/Third_Party/FatFs/src/diskio.o
                0x0000000008001d38                disk_ioctl
 .text.mem_cpy  0x0000000008001d74       0x3a Middlewares/Third_Party/FatFs/src/ff.o
 .text.mem_set  0x0000000008001dae       0x32 Middlewares/Third_Party/FatFs/src/ff.o
 .text.mem_cmp  0x0000000008001de0       0x4c Middlewares/Third_Party/FatFs/src/ff.o
 .text.chk_chr  0x0000000008001e2c       0x34 Middlewares/Third_Party/FatFs/src/ff.o
 .text.chk_lock
                0x0000000008001e60       0xd8 Middlewares/Third_Party/FatFs/src/ff.o
 .text.enq_lock
                0x0000000008001f38       0x48 Middlewares/Third_Party/FatFs/src/ff.o
 .text.inc_lock
                0x0000000008001f80      0x16c Middlewares/Third_Party/FatFs/src/ff.o
 .text.dec_lock
                0x00000000080020ec       0x88 Middlewares/Third_Party/FatFs/src/ff.o
 .text.clear_lock
                0x0000000008002174       0x50 Middlewares/Third_Party/FatFs/src/ff.o
 .text.sync_window
                0x00000000080021c4       0x92 Middlewares/Third_Party/FatFs/src/ff.o
 .text.move_window
                0x0000000008002256       0x5c Middlewares/Third_Party/FatFs/src/ff.o
 .text.sync_fs  0x00000000080022b2      0x15a Middlewares/Third_Party/FatFs/src/ff.o
 .text.clust2sect
                0x000000000800240c       0x42 Middlewares/Third_Party/FatFs/src/ff.o
                0x000000000800240c                clust2sect
 .text.get_fat  0x000000000800244e      0x16e Middlewares/Third_Party/FatFs/src/ff.o
                0x000000000800244e                get_fat
 .text.put_fat  0x00000000080025bc      0x216 Middlewares/Third_Party/FatFs/src/ff.o
                0x00000000080025bc                put_fat
 .text.remove_chain
                0x00000000080027d2       0xb4 Middlewares/Third_Party/FatFs/src/ff.o
 .text.create_chain
                0x0000000008002886      0x13a Middlewares/Third_Party/FatFs/src/ff.o
 .text.clmt_clust
                0x00000000080029c0       0x68 Middlewares/Third_Party/FatFs/src/ff.o
 .text.dir_sdi  0x0000000008002a28      0x128 Middlewares/Third_Party/FatFs/src/ff.o
 .text.dir_next
                0x0000000008002b50      0x1ee Middlewares/Third_Party/FatFs/src/ff.o
 .text.dir_alloc
                0x0000000008002d3e       0x94 Middlewares/Third_Party/FatFs/src/ff.o
 .text.ld_clust
                0x0000000008002dd2       0x5a Middlewares/Third_Party/FatFs/src/ff.o
 .text.st_clust
                0x0000000008002e2c       0x4c Middlewares/Third_Party/FatFs/src/ff.o
 .text.dir_find
                0x0000000008002e78       0x9e Middlewares/Third_Party/FatFs/src/ff.o
 .text.dir_register
                0x0000000008002f16       0x72 Middlewares/Third_Party/FatFs/src/ff.o
 .text.create_name
                0x0000000008002f88      0x180 Middlewares/Third_Party/FatFs/src/ff.o
 .text.follow_path
                0x0000000008003108       0xdc Middlewares/Third_Party/FatFs/src/ff.o
 .text.get_ldnumber
                0x00000000080031e4       0x86 Middlewares/Third_Party/FatFs/src/ff.o
 *fill*         0x000000000800326a        0x2 
 .text.check_fs
                0x000000000800326c       0xd4 Middlewares/Third_Party/FatFs/src/ff.o
 .text.find_volume
                0x0000000008003340      0x594 Middlewares/Third_Party/FatFs/src/ff.o
 .text.validate
                0x00000000080038d4       0x66 Middlewares/Third_Party/FatFs/src/ff.o
 *fill*         0x000000000800393a        0x2 
 .text.f_mount  0x000000000800393c       0x90 Middlewares/Third_Party/FatFs/src/ff.o
                0x000000000800393c                f_mount
 .text.f_open   0x00000000080039cc      0x416 Middlewares/Third_Party/FatFs/src/ff.o
                0x00000000080039cc                f_open
 .text.f_read   0x0000000008003de2      0x2d6 Middlewares/Third_Party/FatFs/src/ff.o
                0x0000000008003de2                f_read
 .text.f_sync   0x00000000080040b8      0x174 Middlewares/Third_Party/FatFs/src/ff.o
                0x00000000080040b8                f_sync
 .text.f_close  0x000000000800422c       0x50 Middlewares/Third_Party/FatFs/src/ff.o
                0x000000000800422c                f_close
 .text.FATFS_LinkDriverEx
                0x000000000800427c       0x94 Middlewares/Third_Party/FatFs/src/ff_gen_drv.o
                0x000000000800427c                FATFS_LinkDriverEx
 .text.FATFS_LinkDriver
                0x0000000008004310       0x1e Middlewares/Third_Party/FatFs/src/ff_gen_drv.o
                0x0000000008004310                FATFS_LinkDriver
 *fill*         0x000000000800432e        0x2 
 .text.MX_FATFS_Init
                0x0000000008004330       0x24 Src/fatfs.o
                0x0000000008004330                MX_FATFS_Init
 .text.get_fattime
                0x0000000008004354        0xe Src/fatfs.o
                0x0000000008004354                get_fattime
 *fill*         0x0000000008004362        0x2 
 .text.HAL_TIM_PeriodElapsedCallback
                0x0000000008004364      0x10c Src/main.o
                0x0000000008004364                HAL_TIM_PeriodElapsedCallback
 .text.main     0x0000000008004470      0x144 Src/main.o
                0x0000000008004470                main
 .text.SystemClock_Config
                0x00000000080045b4       0x8e Src/main.o
                0x00000000080045b4                SystemClock_Config
 *fill*         0x0000000008004642        0x2 
 .text.MX_SPI1_Init
                0x0000000008004644       0x6c Src/main.o
 .text.MX_TIM3_Init
                0x00000000080046b0       0x9c Src/main.o
 .text.MX_GPIO_Init
                0x000000000800474c       0xec Src/main.o
 .text.Error_Handler
                0x0000000008004838        0xc Src/main.o
                0x0000000008004838                Error_Handler
 .text.HAL_MspInit
                0x0000000008004844       0x64 Src/stm32f1xx_hal_msp.o
                0x0000000008004844                HAL_MspInit
 .text.HAL_SPI_MspInit
                0x00000000080048a8       0x94 Src/stm32f1xx_hal_msp.o
                0x00000000080048a8                HAL_SPI_MspInit
 .text.HAL_TIM_Base_MspInit
                0x000000000800493c       0x4c Src/stm32f1xx_hal_msp.o
                0x000000000800493c                HAL_TIM_Base_MspInit
 .text.NMI_Handler
                0x0000000008004988        0xc Src/stm32f1xx_it.o
                0x0000000008004988                NMI_Handler
 .text.HardFault_Handler
                0x0000000008004994        0x6 Src/stm32f1xx_it.o
                0x0000000008004994                HardFault_Handler
 .text.MemManage_Handler
                0x000000000800499a        0x6 Src/stm32f1xx_it.o
                0x000000000800499a                MemManage_Handler
 .text.BusFault_Handler
                0x00000000080049a0        0x6 Src/stm32f1xx_it.o
                0x00000000080049a0                BusFault_Handler
 .text.UsageFault_Handler
                0x00000000080049a6        0x6 Src/stm32f1xx_it.o
                0x00000000080049a6                UsageFault_Handler
 .text.SVC_Handler
                0x00000000080049ac        0xc Src/stm32f1xx_it.o
                0x00000000080049ac                SVC_Handler
 .text.DebugMon_Handler
                0x00000000080049b8        0xc Src/stm32f1xx_it.o
                0x00000000080049b8                DebugMon_Handler
 .text.PendSV_Handler
                0x00000000080049c4        0xc Src/stm32f1xx_it.o
                0x00000000080049c4                PendSV_Handler
 .text.SysTick_Handler
                0x00000000080049d0        0xc Src/stm32f1xx_it.o
                0x00000000080049d0                SysTick_Handler
 .text.TIM3_IRQHandler
                0x00000000080049dc       0x14 Src/stm32f1xx_it.o
                0x00000000080049dc                TIM3_IRQHandler
 .text.SystemInit
                0x00000000080049f0       0x68 Src/system_stm32f1xx.o
                0x00000000080049f0                SystemInit
 .text.USER_initialize
                0x0000000008004a58       0x16 Src/user_diskio.o
                0x0000000008004a58                USER_initialize
 .text.USER_status
                0x0000000008004a6e       0x16 Src/user_diskio.o
                0x0000000008004a6e                USER_status
 .text.USER_read
                0x0000000008004a84       0x46 Src/user_diskio.o
                0x0000000008004a84                USER_read
 .text.USER_write
                0x0000000008004aca       0x1c Src/user_diskio.o
                0x0000000008004aca                USER_write
 .text.USER_ioctl
                0x0000000008004ae6       0x1c Src/user_diskio.o
                0x0000000008004ae6                USER_ioctl
 *fill*         0x0000000008004b02        0x2 
 .text.SPI1_ReadWriteByte
                0x0000000008004b04       0x2c Src/w25q64.o
                0x0000000008004b04                SPI1_ReadWriteByte
 .text.W25QXX_Read
                0x0000000008004b30       0x98 Src/w25q64.o
                0x0000000008004b30                W25QXX_Read
 .text.Reset_Handler
                0x0000000008004bc8       0x48 Startup/startup_stm32f103rctx.o
                0x0000000008004bc8                Reset_Handler
 .text.Default_Handler
                0x0000000008004c10        0x2 Startup/startup_stm32f103rctx.o
                0x0000000008004c10                RTC_Alarm_IRQHandler
                0x0000000008004c10                EXTI2_IRQHandler
                0x0000000008004c10                TIM8_TRG_COM_IRQHandler
                0x0000000008004c10                TIM8_CC_IRQHandler
                0x0000000008004c10                TIM1_CC_IRQHandler
                0x0000000008004c10                TIM6_IRQHandler
                0x0000000008004c10                PVD_IRQHandler
                0x0000000008004c10                SDIO_IRQHandler
                0x0000000008004c10                EXTI3_IRQHandler
                0x0000000008004c10                EXTI0_IRQHandler
                0x0000000008004c10                I2C2_EV_IRQHandler
                0x0000000008004c10                ADC1_2_IRQHandler
                0x0000000008004c10                SPI1_IRQHandler
                0x0000000008004c10                TAMPER_IRQHandler
                0x0000000008004c10                TIM8_UP_IRQHandler
                0x0000000008004c10                DMA2_Channel2_IRQHandler
                0x0000000008004c10                DMA1_Channel4_IRQHandler
                0x0000000008004c10                USART3_IRQHandler
                0x0000000008004c10                RTC_IRQHandler
                0x0000000008004c10                DMA1_Channel7_IRQHandler
                0x0000000008004c10                CAN1_RX1_IRQHandler
                0x0000000008004c10                UART5_IRQHandler
                0x0000000008004c10                ADC3_IRQHandler
                0x0000000008004c10                TIM4_IRQHandler
                0x0000000008004c10                DMA2_Channel1_IRQHandler
                0x0000000008004c10                I2C1_EV_IRQHandler
                0x0000000008004c10                DMA1_Channel6_IRQHandler
                0x0000000008004c10                UART4_IRQHandler
                0x0000000008004c10                RCC_IRQHandler
                0x0000000008004c10                TIM1_TRG_COM_IRQHandler
                0x0000000008004c10                DMA1_Channel1_IRQHandler
                0x0000000008004c10                Default_Handler
                0x0000000008004c10                EXTI15_10_IRQHandler
                0x0000000008004c10                TIM7_IRQHandler
                0x0000000008004c10                TIM5_IRQHandler
                0x0000000008004c10                EXTI9_5_IRQHandler
                0x0000000008004c10                SPI2_IRQHandler
                0x0000000008004c10                DMA1_Channel5_IRQHandler
                0x0000000008004c10                EXTI4_IRQHandler
                0x0000000008004c10                USB_LP_CAN1_RX0_IRQHandler
                0x0000000008004c10                USB_HP_CAN1_TX_IRQHandler
                0x0000000008004c10                DMA1_Channel3_IRQHandler
                0x0000000008004c10                FSMC_IRQHandler
                0x0000000008004c10                TIM1_UP_IRQHandler
                0x0000000008004c10                WWDG_IRQHandler
                0x0000000008004c10                TIM2_IRQHandler
                0x0000000008004c10                TIM1_BRK_IRQHandler
                0x0000000008004c10                EXTI1_IRQHandler
                0x0000000008004c10                DMA2_Channel4_5_IRQHandler
                0x0000000008004c10                USART2_IRQHandler
                0x0000000008004c10                I2C2_ER_IRQHandler
                0x0000000008004c10                DMA1_Channel2_IRQHandler
                0x0000000008004c10                TIM8_BRK_IRQHandler
                0x0000000008004c10                CAN1_SCE_IRQHandler
                0x0000000008004c10                FLASH_IRQHandler
                0x0000000008004c10                USART1_IRQHandler
                0x0000000008004c10                SPI3_IRQHandler
                0x0000000008004c10                I2C1_ER_IRQHandler
                0x0000000008004c10                USBWakeUp_IRQHandler
                0x0000000008004c10                DMA2_Channel3_IRQHandler
 *fill*         0x0000000008004c12        0x2 
 .text.__libc_init_array
                0x0000000008004c14       0x48 c:/st/stm32cubeide_1.0.2/stm32cubeide/plugins/com.st.stm32cube.ide.mcu.externaltools.gnu-tools-for-stm32.7-2018-q2-update.win32_1.0.0.201904181610/tools/bin/../lib/gcc/arm-none-eabi/7.3.1/../../../../arm-none-eabi/lib/thumb/v7-m\libc_nano.a(lib_a-init.o)
                0x0000000008004c14                __libc_init_array
 .text.memset   0x0000000008004c5c       0x10 c:/st/stm32cubeide_1.0.2/stm32cubeide/plugins/com.st.stm32cube.ide.mcu.externaltools.gnu-tools-for-stm32.7-2018-q2-update.win32_1.0.0.201904181610/tools/bin/../lib/gcc/arm-none-eabi/7.3.1/../../../../arm-none-eabi/lib/thumb/v7-m\libc_nano.a(lib_a-memset.o)
                0x0000000008004c5c                memset
 *(.glue_7)
 .glue_7        0x0000000008004c6c        0x0 linker stubs
 *(.glue_7t)
 .glue_7t       0x0000000008004c6c        0x0 linker stubs
 *(.eh_frame)
 .eh_frame      0x0000000008004c6c        0x0 c:/st/stm32cubeide_1.0.2/stm32cubeide/plugins/com.st.stm32cube.ide.mcu.externaltools.gnu-tools-for-stm32.7-2018-q2-update.win32_1.0.0.201904181610/tools/bin/../lib/gcc/arm-none-eabi/7.3.1/thumb/v7-m/crtbegin.o
 *(.init)
 .init          0x0000000008004c6c        0x4 c:/st/stm32cubeide_1.0.2/stm32cubeide/plugins/com.st.stm32cube.ide.mcu.externaltools.gnu-tools-for-stm32.7-2018-q2-update.win32_1.0.0.201904181610/tools/bin/../lib/gcc/arm-none-eabi/7.3.1/thumb/v7-m/crti.o
                0x0000000008004c6c                _init
 .init          0x0000000008004c70        0x8 c:/st/stm32cubeide_1.0.2/stm32cubeide/plugins/com.st.stm32cube.ide.mcu.externaltools.gnu-tools-for-stm32.7-2018-q2-update.win32_1.0.0.201904181610/tools/bin/../lib/gcc/arm-none-eabi/7.3.1/thumb/v7-m/crtn.o
 *(.fini)
 .fini          0x0000000008004c78        0x4 c:/st/stm32cubeide_1.0.2/stm32cubeide/plugins/com.st.stm32cube.ide.mcu.externaltools.gnu-tools-for-stm32.7-2018-q2-update.win32_1.0.0.201904181610/tools/bin/../lib/gcc/arm-none-eabi/7.3.1/thumb/v7-m/crti.o
                0x0000000008004c78                _fini
 .fini          0x0000000008004c7c        0x8 c:/st/stm32cubeide_1.0.2/stm32cubeide/plugins/com.st.stm32cube.ide.mcu.externaltools.gnu-tools-for-stm32.7-2018-q2-update.win32_1.0.0.201904181610/tools/bin/../lib/gcc/arm-none-eabi/7.3.1/thumb/v7-m/crtn.o
                0x0000000008004c84                . = ALIGN (0x4)
                0x0000000008004c84                _etext = .

.vfp11_veneer   0x0000000008004c84        0x0
 .vfp11_veneer  0x0000000008004c84        0x0 linker stubs

.v4_bx          0x0000000008004c84        0x0
 .v4_bx         0x0000000008004c84        0x0 linker stubs

.iplt           0x0000000008004c84        0x0
 .iplt          0x0000000008004c84        0x0 c:/st/stm32cubeide_1.0.2/stm32cubeide/plugins/com.st.stm32cube.ide.mcu.externaltools.gnu-tools-for-stm32.7-2018-q2-update.win32_1.0.0.201904181610/tools/bin/../lib/gcc/arm-none-eabi/7.3.1/thumb/v7-m/crtbegin.o

.rodata         0x0000000008004c84       0xfc
                0x0000000008004c84                . = ALIGN (0x4)
 *(.rodata)
 .rodata        0x0000000008004c84       0x12 Drivers/STM32F1xx_HAL_Driver/Src/stm32f1xx_hal_rcc.o
 *fill*         0x0000000008004c96        0x2 
 .rodata        0x0000000008004c98       0x44 Middlewares/Third_Party/FatFs/src/ff.o
 .rodata        0x0000000008004cdc       0x13 Src/main.o
 *(.rodata*)
 *fill*         0x0000000008004cef        0x1 
 .rodata.ExCvt  0x0000000008004cf0       0x80 Middlewares/Third_Party/FatFs/src/ff.o
 .rodata.AHBPrescTable
                0x0000000008004d70       0x10 Src/system_stm32f1xx.o
                0x0000000008004d70                AHBPrescTable
                0x0000000008004d80                . = ALIGN (0x4)

.rel.dyn        0x0000000008004d80        0x0
 .rel.iplt      0x0000000008004d80        0x0 c:/st/stm32cubeide_1.0.2/stm32cubeide/plugins/com.st.stm32cube.ide.mcu.externaltools.gnu-tools-for-stm32.7-2018-q2-update.win32_1.0.0.201904181610/tools/bin/../lib/gcc/arm-none-eabi/7.3.1/thumb/v7-m/crtbegin.o

.ARM.extab      0x0000000008004d80        0x0
                0x0000000008004d80                . = ALIGN (0x4)
 *(.ARM.extab* .gnu.linkonce.armextab.*)
                0x0000000008004d80                . = ALIGN (0x4)

.ARM            0x0000000008004d80        0x0
                0x0000000008004d80                . = ALIGN (0x4)
                0x0000000008004d80                __exidx_start = .
 *(.ARM.exidx*)
                0x0000000008004d80                __exidx_end = .
                0x0000000008004d80                . = ALIGN (0x4)

.preinit_array  0x0000000008004d80        0x0
                0x0000000008004d80                . = ALIGN (0x4)
                0x0000000008004d80                PROVIDE (__preinit_array_start = .)
 *(.preinit_array*)
                0x0000000008004d80                PROVIDE (__preinit_array_end = .)
                0x0000000008004d80                . = ALIGN (0x4)

.init_array     0x0000000008004d80        0x4
                0x0000000008004d80                . = ALIGN (0x4)
                0x0000000008004d80                PROVIDE (__init_array_start = .)
 *(SORT_BY_NAME(.init_array.*))
 *(.init_array*)
 .init_array    0x0000000008004d80        0x4 c:/st/stm32cubeide_1.0.2/stm32cubeide/plugins/com.st.stm32cube.ide.mcu.externaltools.gnu-tools-for-stm32.7-2018-q2-update.win32_1.0.0.201904181610/tools/bin/../lib/gcc/arm-none-eabi/7.3.1/thumb/v7-m/crtbegin.o
                0x0000000008004d84                PROVIDE (__init_array_end = .)
                0x0000000008004d84                . = ALIGN (0x4)

.fini_array     0x0000000008004d84        0x4
                0x0000000008004d84                . = ALIGN (0x4)
                [!provide]                        PROVIDE (__fini_array_start = .)
 *(SORT_BY_NAME(.fini_array.*))
 *(.fini_array*)
 .fini_array    0x0000000008004d84        0x4 c:/st/stm32cubeide_1.0.2/stm32cubeide/plugins/com.st.stm32cube.ide.mcu.externaltools.gnu-tools-for-stm32.7-2018-q2-update.win32_1.0.0.201904181610/tools/bin/../lib/gcc/arm-none-eabi/7.3.1/thumb/v7-m/crtbegin.o
                [!provide]                        PROVIDE (__fini_array_end = .)
                0x0000000008004d88                . = ALIGN (0x4)
                0x0000000008004d88                _sidata = LOADADDR (.data)

.data           0x0000000020000000       0x24 load address 0x0000000008004d88
                0x0000000020000000                . = ALIGN (0x4)
                0x0000000020000000                _sdata = .
 *(.data)
 *(.data*)
 .data.uwTickPrio
                0x0000000020000000        0x4 Drivers/STM32F1xx_HAL_Driver/Src/stm32f1xx_hal.o
                0x0000000020000000                uwTickPrio
 .data.uwTickFreq
                0x0000000020000004        0x1 Drivers/STM32F1xx_HAL_Driver/Src/stm32f1xx_hal.o
                0x0000000020000004                uwTickFreq
 *fill*         0x0000000020000005        0x3 
 .data.SystemCoreClock
                0x0000000020000008        0x4 Src/system_stm32f1xx.o
                0x0000000020000008                SystemCoreClock
 .data.USER_Driver
                0x000000002000000c       0x14 Src/user_diskio.o
                0x000000002000000c                USER_Driver
 .data.W25QXX_TYPE
                0x0000000020000020        0x2 Src/w25q64.o
                0x0000000020000020                W25QXX_TYPE
                0x0000000020000024                . = ALIGN (0x4)
 *fill*         0x0000000020000022        0x2 
                0x0000000020000024                _edata = .

.igot.plt       0x0000000020000024        0x0 load address 0x0000000008004dac
 .igot.plt      0x0000000020000024        0x0 c:/st/stm32cubeide_1.0.2/stm32cubeide/plugins/com.st.stm32cube.ide.mcu.externaltools.gnu-tools-for-stm32.7-2018-q2-update.win32_1.0.0.201904181610/tools/bin/../lib/gcc/arm-none-eabi/7.3.1/thumb/v7-m/crtbegin.o
                0x0000000020000024                . = ALIGN (0x4)

.bss            0x0000000020000024     0x15ac load address 0x0000000008004dac
                0x0000000020000024                _sbss = .
                0x0000000020000024                __bss_start__ = _sbss
 *(.bss)
 .bss           0x0000000020000024       0x1c c:/st/stm32cubeide_1.0.2/stm32cubeide/plugins/com.st.stm32cube.ide.mcu.externaltools.gnu-tools-for-stm32.7-2018-q2-update.win32_1.0.0.201904181610/tools/bin/../lib/gcc/arm-none-eabi/7.3.1/thumb/v7-m/crtbegin.o
 *(.bss*)
 .bss.FatFs     0x0000000020000040        0x4 Middlewares/Third_Party/FatFs/src/ff.o
 .bss.Fsid      0x0000000020000044        0x2 Middlewares/Third_Party/FatFs/src/ff.o
 *fill*         0x0000000020000046        0x2 
 .bss.Files     0x0000000020000048       0x18 Middlewares/Third_Party/FatFs/src/ff.o
 .bss.disk      0x0000000020000060        0xc Middlewares/Third_Party/FatFs/src/ff_gen_drv.o
                0x0000000020000060                disk
 .bss.tr        0x000000002000006c        0x4 Src/main.o
                0x000000002000006c                tr
 .bss.xc        0x0000000020000070      0xc00 Src/main.o
                0x0000000020000070                xc
 .bss.fl        0x0000000020000c70        0x4 Src/main.o
                0x0000000020000c70                fl
 *(COMMON)
 COMMON         0x0000000020000c74        0x4 Drivers/STM32F1xx_HAL_Driver/Src/stm32f1xx_hal.o
                0x0000000020000c74                uwTick
 COMMON         0x0000000020000c78      0x464 Src/fatfs.o
                0x0000000020000c78                USERPath
                0x0000000020000c7c                retUSER
                0x0000000020000c80                USERFile
                0x0000000020000eac                USERFatFS
 COMMON         0x00000000200010dc      0x4f4 Src/main.o
                0x00000000200010dc                htim3
                0x000000002000111c                file
                0x0000000020001348                hspi1
                0x00000000200013a0                fatfs
                0x00000000200015d0                . = ALIGN (0x4)
                0x00000000200015d0                _ebss = .
                0x00000000200015d0                __bss_end__ = _ebss

._user_heap_stack
                0x00000000200015d0      0x600 load address 0x0000000008004dac
                0x00000000200015d0                . = ALIGN (0x8)
                0x00000000200015d0                PROVIDE (end = .)
                [!provide]                        PROVIDE (_end = .)
                0x00000000200017d0                . = (. + _Min_Heap_Size)
 *fill*         0x00000000200015d0      0x200 
                0x0000000020001bd0                . = (. + _Min_Stack_Size)
 *fill*         0x00000000200017d0      0x400 
                0x0000000020001bd0                . = ALIGN (0x8)

/DISCARD/
 libc.a(*)
 libm.a(*)
 libgcc.a(*)

.ARM.attributes
                0x0000000000000000       0x29
 *(.ARM.attributes)
 .ARM.attributes
                0x0000000000000000       0x1d c:/st/stm32cubeide_1.0.2/stm32cubeide/plugins/com.st.stm32cube.ide.mcu.externaltools.gnu-tools-for-stm32.7-2018-q2-update.win32_1.0.0.201904181610/tools/bin/../lib/gcc/arm-none-eabi/7.3.1/thumb/v7-m/crti.o
 .ARM.attributes
                0x000000000000001d       0x2d c:/st/stm32cubeide_1.0.2/stm32cubeide/plugins/com.st.stm32cube.ide.mcu.externaltools.gnu-tools-for-stm32.7-2018-q2-update.win32_1.0.0.201904181610/tools/bin/../lib/gcc/arm-none-eabi/7.3.1/thumb/v7-m/crtbegin.o
 .ARM.attributes
                0x000000000000004a       0x33 Drivers/STM32F1xx_HAL_Driver/Src/stm32f1xx_hal.o
 .ARM.attributes
                0x000000000000007d       0x33 Drivers/STM32F1xx_HAL_Driver/Src/stm32f1xx_hal_cortex.o
 .ARM.attributes
                0x00000000000000b0       0x33 Drivers/STM32F1xx_HAL_Driver/Src/stm32f1xx_hal_gpio.o
 .ARM.attributes
                0x00000000000000e3       0x33 Drivers/STM32F1xx_HAL_Driver/Src/stm32f1xx_hal_rcc.o
 .ARM.attributes
                0x0000000000000116       0x33 Drivers/STM32F1xx_HAL_Driver/Src/stm32f1xx_hal_spi.o
 .ARM.attributes
                0x0000000000000149       0x33 Drivers/STM32F1xx_HAL_Driver/Src/stm32f1xx_hal_tim.o
 .ARM.attributes
                0x000000000000017c       0x33 Drivers/STM32F1xx_HAL_Driver/Src/stm32f1xx_hal_tim_ex.o
 .ARM.attributes
                0x00000000000001af       0x33 Middlewares/Third_Party/FatFs/src/diskio.o
 .ARM.attributes
                0x00000000000001e2       0x33 Middlewares/Third_Party/FatFs/src/ff.o
 .ARM.attributes
                0x0000000000000215       0x33 Middlewares/Third_Party/FatFs/src/ff_gen_drv.o
 .ARM.attributes
                0x0000000000000248       0x33 Src/fatfs.o
 .ARM.attributes
                0x000000000000027b       0x33 Src/main.o
 .ARM.attributes
                0x00000000000002ae       0x33 Src/stm32f1xx_hal_msp.o
 .ARM.attributes
                0x00000000000002e1       0x33 Src/stm32f1xx_it.o
 .ARM.attributes
                0x0000000000000314       0x33 Src/system_stm32f1xx.o
 .ARM.attributes
                0x0000000000000347       0x33 Src/user_diskio.o
 .ARM.attributes
                0x000000000000037a       0x33 Src/w25q64.o
 .ARM.attributes
                0x00000000000003ad       0x21 Startup/startup_stm32f103rctx.o
 .ARM.attributes
                0x00000000000003ce       0x2d c:/st/stm32cubeide_1.0.2/stm32cubeide/plugins/com.st.stm32cube.ide.mcu.externaltools.gnu-tools-for-stm32.7-2018-q2-update.win32_1.0.0.201904181610/tools/bin/../lib/gcc/arm-none-eabi/7.3.1/../../../../arm-none-eabi/lib/thumb/v7-m\libc_nano.a(lib_a-init.o)
 .ARM.attributes
                0x00000000000003fb       0x2d c:/st/stm32cubeide_1.0.2/stm32cubeide/plugins/com.st.stm32cube.ide.mcu.externaltools.gnu-tools-for-stm32.7-2018-q2-update.win32_1.0.0.201904181610/tools/bin/../lib/gcc/arm-none-eabi/7.3.1/../../../../arm-none-eabi/lib/thumb/v7-m\libc_nano.a(lib_a-memset.o)
 .ARM.attributes
                0x0000000000000428       0x1d c:/st/stm32cubeide_1.0.2/stm32cubeide/plugins/com.st.stm32cube.ide.mcu.externaltools.gnu-tools-for-stm32.7-2018-q2-update.win32_1.0.0.201904181610/tools/bin/../lib/gcc/arm-none-eabi/7.3.1/thumb/v7-m/crtn.o
OUTPUT(bad_apple.elf elf32-littlearm)

.debug_info     0x0000000000000000     0xdc00
 .debug_info    0x0000000000000000      0x764 Drivers/STM32F1xx_HAL_Driver/Src/stm32f1xx_hal.o
 .debug_info    0x0000000000000764      0xbac Drivers/STM32F1xx_HAL_Driver/Src/stm32f1xx_hal_cortex.o
 .debug_info    0x0000000000001310      0x681 Drivers/STM32F1xx_HAL_Driver/Src/stm32f1xx_hal_gpio.o
 .debug_info    0x0000000000001991      0x804 Drivers/STM32F1xx_HAL_Driver/Src/stm32f1xx_hal_rcc.o
 .debug_info    0x0000000000002195     0x1547 Drivers/STM32F1xx_HAL_Driver/Src/stm32f1xx_hal_spi.o
 .debug_info    0x00000000000036dc     0x2456 Drivers/STM32F1xx_HAL_Driver/Src/stm32f1xx_hal_tim.o
 .debug_info    0x0000000000005b32     0x1104 Drivers/STM32F1xx_HAL_Driver/Src/stm32f1xx_hal_tim_ex.o
 .debug_info    0x0000000000006c36      0x4b3 Middlewares/Third_Party/FatFs/src/diskio.o
 .debug_info    0x00000000000070e9     0x212b Middlewares/Third_Party/FatFs/src/ff.o
 .debug_info    0x0000000000009214      0x451 Middlewares/Third_Party/FatFs/src/ff_gen_drv.o
 .debug_info    0x0000000000009665      0x59c Src/fatfs.o
 .debug_info    0x0000000000009c01     0x1213 Src/main.o
 .debug_info    0x000000000000ae14      0xd18 Src/stm32f1xx_hal_msp.o
 .debug_info    0x000000000000bb2c      0x698 Src/stm32f1xx_it.o
 .debug_info    0x000000000000c1c4      0x433 Src/system_stm32f1xx.o
 .debug_info    0x000000000000c5f7      0xc30 Src/user_diskio.o
 .debug_info    0x000000000000d227      0x9b7 Src/w25q64.o
 .debug_info    0x000000000000dbde       0x22 Startup/startup_stm32f103rctx.o

.debug_abbrev   0x0000000000000000     0x2198
 .debug_abbrev  0x0000000000000000      0x1d8 Drivers/STM32F1xx_HAL_Driver/Src/stm32f1xx_hal.o
 .debug_abbrev  0x00000000000001d8      0x2d5 Drivers/STM32F1xx_HAL_Driver/Src/stm32f1xx_hal_cortex.o
 .debug_abbrev  0x00000000000004ad      0x1c0 Drivers/STM32F1xx_HAL_Driver/Src/stm32f1xx_hal_gpio.o
 .debug_abbrev  0x000000000000066d      0x243 Drivers/STM32F1xx_HAL_Driver/Src/stm32f1xx_hal_rcc.o
 .debug_abbrev  0x00000000000008b0      0x240 Drivers/STM32F1xx_HAL_Driver/Src/stm32f1xx_hal_spi.o
 .debug_abbrev  0x0000000000000af0      0x230 Drivers/STM32F1xx_HAL_Driver/Src/stm32f1xx_hal_tim.o
 .debug_abbrev  0x0000000000000d20      0x21e Drivers/STM32F1xx_HAL_Driver/Src/stm32f1xx_hal_tim_ex.o
 .debug_abbrev  0x0000000000000f3e      0x16f Middlewares/Third_Party/FatFs/src/diskio.o
 .debug_abbrev  0x00000000000010ad      0x285 Middlewares/Third_Party/FatFs/src/ff.o
 .debug_abbrev  0x0000000000001332      0x19c Middlewares/Third_Party/FatFs/src/ff_gen_drv.o
 .debug_abbrev  0x00000000000014ce      0x17d Src/fatfs.o
 .debug_abbrev  0x000000000000164b      0x28d Src/main.o
 .debug_abbrev  0x00000000000018d8      0x1a6 Src/stm32f1xx_hal_msp.o
 .debug_abbrev  0x0000000000001a7e      0x15a Src/stm32f1xx_it.o
 .debug_abbrev  0x0000000000001bd8      0x134 Src/system_stm32f1xx.o
 .debug_abbrev  0x0000000000001d0c      0x239 Src/user_diskio.o
 .debug_abbrev  0x0000000000001f45      0x241 Src/w25q64.o
 .debug_abbrev  0x0000000000002186       0x12 Startup/startup_stm32f103rctx.o

.debug_aranges  0x0000000000000000      0xe40
 .debug_aranges
                0x0000000000000000       0xe0 Drivers/STM32F1xx_HAL_Driver/Src/stm32f1xx_hal.o
 .debug_aranges
                0x00000000000000e0      0x100 Drivers/STM32F1xx_HAL_Driver/Src/stm32f1xx_hal_cortex.o
 .debug_aranges
                0x00000000000001e0       0x58 Drivers/STM32F1xx_HAL_Driver/Src/stm32f1xx_hal_gpio.o
 .debug_aranges
                0x0000000000000238       0x90 Drivers/STM32F1xx_HAL_Driver/Src/stm32f1xx_hal_rcc.o
 .debug_aranges
                0x00000000000002c8      0x1d0 Drivers/STM32F1xx_HAL_Driver/Src/stm32f1xx_hal_spi.o
 .debug_aranges
                0x0000000000000498      0x3a8 Drivers/STM32F1xx_HAL_Driver/Src/stm32f1xx_hal_tim.o
 .debug_aranges
                0x0000000000000840      0x150 Drivers/STM32F1xx_HAL_Driver/Src/stm32f1xx_hal_tim_ex.o
 .debug_aranges
                0x0000000000000990       0x48 Middlewares/Third_Party/FatFs/src/diskio.o
 .debug_aranges
                0x00000000000009d8      0x1e8 Middlewares/Third_Party/FatFs/src/ff.o
 .debug_aranges
                0x0000000000000bc0       0x40 Middlewares/Third_Party/FatFs/src/ff_gen_drv.o
 .debug_aranges
                0x0000000000000c00       0x28 Src/fatfs.o
 .debug_aranges
                0x0000000000000c28       0x50 Src/main.o
 .debug_aranges
                0x0000000000000c78       0x40 Src/stm32f1xx_hal_msp.o
 .debug_aranges
                0x0000000000000cb8       0x68 Src/stm32f1xx_it.o
 .debug_aranges
                0x0000000000000d20       0x28 Src/system_stm32f1xx.o
 .debug_aranges
                0x0000000000000d48       0x40 Src/user_diskio.o
 .debug_aranges
                0x0000000000000d88       0x90 Src/w25q64.o
 .debug_aranges
                0x0000000000000e18       0x28 Startup/startup_stm32f103rctx.o

.debug_ranges   0x0000000000000000      0xd28
 .debug_ranges  0x0000000000000000       0xd0 Drivers/STM32F1xx_HAL_Driver/Src/stm32f1xx_hal.o
 .debug_ranges  0x00000000000000d0       0xf0 Drivers/STM32F1xx_HAL_Driver/Src/stm32f1xx_hal_cortex.o
 .debug_ranges  0x00000000000001c0       0x48 Drivers/STM32F1xx_HAL_Driver/Src/stm32f1xx_hal_gpio.o
 .debug_ranges  0x0000000000000208       0x80 Drivers/STM32F1xx_HAL_Driver/Src/stm32f1xx_hal_rcc.o
 .debug_ranges  0x0000000000000288      0x1c0 Drivers/STM32F1xx_HAL_Driver/Src/stm32f1xx_hal_spi.o
 .debug_ranges  0x0000000000000448      0x398 Drivers/STM32F1xx_HAL_Driver/Src/stm32f1xx_hal_tim.o
 .debug_ranges  0x00000000000007e0      0x140 Drivers/STM32F1xx_HAL_Driver/Src/stm32f1xx_hal_tim_ex.o
 .debug_ranges  0x0000000000000920       0x38 Middlewares/Third_Party/FatFs/src/diskio.o
 .debug_ranges  0x0000000000000958      0x1d8 Middlewares/Third_Party/FatFs/src/ff.o
 .debug_ranges  0x0000000000000b30       0x30 Middlewares/Third_Party/FatFs/src/ff_gen_drv.o
 .debug_ranges  0x0000000000000b60       0x18 Src/fatfs.o
 .debug_ranges  0x0000000000000b78       0x40 Src/main.o
 .debug_ranges  0x0000000000000bb8       0x30 Src/stm32f1xx_hal_msp.o
 .debug_ranges  0x0000000000000be8       0x58 Src/stm32f1xx_it.o
 .debug_ranges  0x0000000000000c40       0x18 Src/system_stm32f1xx.o
 .debug_ranges  0x0000000000000c58       0x30 Src/user_diskio.o
 .debug_ranges  0x0000000000000c88       0x80 Src/w25q64.o
 .debug_ranges  0x0000000000000d08       0x20 Startup/startup_stm32f103rctx.o

.debug_macro    0x0000000000000000    0x16792
 .debug_macro   0x0000000000000000      0x1be Drivers/STM32F1xx_HAL_Driver/Src/stm32f1xx_hal.o
 .debug_macro   0x00000000000001be      0xa5a Drivers/STM32F1xx_HAL_Driver/Src/stm32f1xx_hal.o
 .debug_macro   0x0000000000000c18      0x21b Drivers/STM32F1xx_HAL_Driver/Src/stm32f1xx_hal.o
 .debug_macro   0x0000000000000e33       0x2e Drivers/STM32F1xx_HAL_Driver/Src/stm32f1xx_hal.o
 .debug_macro   0x0000000000000e61       0x22 Drivers/STM32F1xx_HAL_Driver/Src/stm32f1xx_hal.o
 .debug_macro   0x0000000000000e83       0x22 Drivers/STM32F1xx_HAL_Driver/Src/stm32f1xx_hal.o
 .debug_macro   0x0000000000000ea5       0x8e Drivers/STM32F1xx_HAL_Driver/Src/stm32f1xx_hal.o
 .debug_macro   0x0000000000000f33       0x51 Drivers/STM32F1xx_HAL_Driver/Src/stm32f1xx_hal.o
 .debug_macro   0x0000000000000f84       0xef Drivers/STM32F1xx_HAL_Driver/Src/stm32f1xx_hal.o
 .debug_macro   0x0000000000001073       0x6a Drivers/STM32F1xx_HAL_Driver/Src/stm32f1xx_hal.o
 .debug_macro   0x00000000000010dd      0x1df Drivers/STM32F1xx_HAL_Driver/Src/stm32f1xx_hal.o
 .debug_macro   0x00000000000012bc       0x1c Drivers/STM32F1xx_HAL_Driver/Src/stm32f1xx_hal.o
 .debug_macro   0x00000000000012d8       0x22 Drivers/STM32F1xx_HAL_Driver/Src/stm32f1xx_hal.o
 .debug_macro   0x00000000000012fa       0xc3 Drivers/STM32F1xx_HAL_Driver/Src/stm32f1xx_hal.o
 .debug_macro   0x00000000000013bd      0xd23 Drivers/STM32F1xx_HAL_Driver/Src/stm32f1xx_hal.o
 .debug_macro   0x00000000000020e0     0xfd8c Drivers/STM32F1xx_HAL_Driver/Src/stm32f1xx_hal.o
 .debug_macro   0x0000000000011e6c       0x43 Drivers/STM32F1xx_HAL_Driver/Src/stm32f1xx_hal.o
 .debug_macro   0x0000000000011eaf      0x174 Drivers/STM32F1xx_HAL_Driver/Src/stm32f1xx_hal.o
 .debug_macro   0x0000000000012023       0x5a Drivers/STM32F1xx_HAL_Driver/Src/stm32f1xx_hal.o
 .debug_macro   0x000000000001207d      0x5be Drivers/STM32F1xx_HAL_Driver/Src/stm32f1xx_hal.o
 .debug_macro   0x000000000001263b      0x4d5 Drivers/STM32F1xx_HAL_Driver/Src/stm32f1xx_hal.o
 .debug_macro   0x0000000000012b10      0x1cb Drivers/STM32F1xx_HAL_Driver/Src/stm32f1xx_hal.o
 .debug_macro   0x0000000000012cdb      0x114 Drivers/STM32F1xx_HAL_Driver/Src/stm32f1xx_hal.o
 .debug_macro   0x0000000000012def      0x1ea Drivers/STM32F1xx_HAL_Driver/Src/stm32f1xx_hal.o
 .debug_macro   0x0000000000012fd9       0x27 Drivers/STM32F1xx_HAL_Driver/Src/stm32f1xx_hal.o
 .debug_macro   0x0000000000013000      0x144 Drivers/STM32F1xx_HAL_Driver/Src/stm32f1xx_hal.o
 .debug_macro   0x0000000000013144      0x1bc Drivers/STM32F1xx_HAL_Driver/Src/stm32f1xx_hal.o
 .debug_macro   0x0000000000013300       0x30 Drivers/STM32F1xx_HAL_Driver/Src/stm32f1xx_hal.o
 .debug_macro   0x0000000000013330       0x3c Drivers/STM32F1xx_HAL_Driver/Src/stm32f1xx_hal.o
 .debug_macro   0x000000000001336c       0x57 Drivers/STM32F1xx_HAL_Driver/Src/stm32f1xx_hal.o
 .debug_macro   0x00000000000133c3       0x88 Drivers/STM32F1xx_HAL_Driver/Src/stm32f1xx_hal.o
 .debug_macro   0x000000000001344b      0x24f Drivers/STM32F1xx_HAL_Driver/Src/stm32f1xx_hal.o
 .debug_macro   0x000000000001369a      0x141 Drivers/STM32F1xx_HAL_Driver/Src/stm32f1xx_hal.o
 .debug_macro   0x00000000000137db      0x217 Drivers/STM32F1xx_HAL_Driver/Src/stm32f1xx_hal.o
 .debug_macro   0x00000000000139f2      0x88b Drivers/STM32F1xx_HAL_Driver/Src/stm32f1xx_hal.o
 .debug_macro   0x000000000001427d       0xb5 Drivers/STM32F1xx_HAL_Driver/Src/stm32f1xx_hal.o
 .debug_macro   0x0000000000014332      0x19a Drivers/STM32F1xx_HAL_Driver/Src/stm32f1xx_hal_cortex.o
 .debug_macro   0x00000000000144cc      0x205 Drivers/STM32F1xx_HAL_Driver/Src/stm32f1xx_hal_gpio.o
 .debug_macro   0x00000000000146d1      0x1ac Drivers/STM32F1xx_HAL_Driver/Src/stm32f1xx_hal_rcc.o
 .debug_macro   0x000000000001487d      0x1a2 Drivers/STM32F1xx_HAL_Driver/Src/stm32f1xx_hal_spi.o
 .debug_macro   0x0000000000014a1f      0x19b Drivers/STM32F1xx_HAL_Driver/Src/stm32f1xx_hal_tim.o
 .debug_macro   0x0000000000014bba      0x19a Drivers/STM32F1xx_HAL_Driver/Src/stm32f1xx_hal_tim_ex.o
 .debug_macro   0x0000000000014d54      0x1e9 Middlewares/Third_Party/FatFs/src/diskio.o
 .debug_macro   0x0000000000014f3d       0x16 Middlewares/Third_Party/FatFs/src/diskio.o
 .debug_macro   0x0000000000014f53       0x7c Middlewares/Third_Party/FatFs/src/diskio.o
 .debug_macro   0x0000000000014fcf       0x64 Middlewares/Third_Party/FatFs/src/diskio.o
 .debug_macro   0x0000000000015033       0xd8 Middlewares/Third_Party/FatFs/src/diskio.o
 .debug_macro   0x000000000001510b       0xf5 Middlewares/Third_Party/FatFs/src/diskio.o
 .debug_macro   0x0000000000015200      0x430 Middlewares/Third_Party/FatFs/src/ff.o
 .debug_macro   0x0000000000015630       0x8e Middlewares/Third_Party/FatFs/src/ff.o
 .debug_macro   0x00000000000156be       0x58 Middlewares/Third_Party/FatFs/src/ff.o
 .debug_macro   0x0000000000015716      0x1e9 Middlewares/Third_Party/FatFs/src/ff_gen_drv.o
 .debug_macro   0x00000000000158ff      0x205 Src/fatfs.o
 .debug_macro   0x0000000000015b04       0xb2 Src/fatfs.o
 .debug_macro   0x0000000000015bb6      0x269 Src/main.o
 .debug_macro   0x0000000000015e1f      0x1a9 Src/stm32f1xx_hal_msp.o
 .debug_macro   0x0000000000015fc8      0x1b3 Src/stm32f1xx_it.o
 .debug_macro   0x000000000001617b      0x1a0 Src/system_stm32f1xx.o
 .debug_macro   0x000000000001631b      0x2a4 Src/user_diskio.o
 .debug_macro   0x00000000000165bf       0x10 Src/user_diskio.o
 .debug_macro   0x00000000000165cf       0x20 Src/user_diskio.o
 .debug_macro   0x00000000000165ef      0x1a3 Src/w25q64.o

.debug_line     0x0000000000000000     0xaf9d
 .debug_line    0x0000000000000000      0x809 Drivers/STM32F1xx_HAL_Driver/Src/stm32f1xx_hal.o
 .debug_line    0x0000000000000809      0x8e2 Drivers/STM32F1xx_HAL_Driver/Src/stm32f1xx_hal_cortex.o
 .debug_line    0x00000000000010eb      0x831 Drivers/STM32F1xx_HAL_Driver/Src/stm32f1xx_hal_gpio.o
 .debug_line    0x000000000000191c      0x8cb Drivers/STM32F1xx_HAL_Driver/Src/stm32f1xx_hal_rcc.o
 .debug_line    0x00000000000021e7      0xfd7 Drivers/STM32F1xx_HAL_Driver/Src/stm32f1xx_hal_spi.o
 .debug_line    0x00000000000031be     0x1885 Drivers/STM32F1xx_HAL_Driver/Src/stm32f1xx_hal_tim.o
 .debug_line    0x0000000000004a43      0xc1c Drivers/STM32F1xx_HAL_Driver/Src/stm32f1xx_hal_tim_ex.o
 .debug_line    0x000000000000565f      0x6dc Middlewares/Third_Party/FatFs/src/diskio.o
 .debug_line    0x0000000000005d3b     0x1862 Middlewares/Third_Party/FatFs/src/ff.o
 .debug_line    0x000000000000759d      0x6db Middlewares/Third_Party/FatFs/src/ff_gen_drv.o
 .debug_line    0x0000000000007c78      0x6b8 Src/fatfs.o
 .debug_line    0x0000000000008330      0x80c Src/main.o
 .debug_line    0x0000000000008b3c      0x686 Src/stm32f1xx_hal_msp.o
 .debug_line    0x00000000000091c2      0x6e1 Src/stm32f1xx_it.o
 .debug_line    0x00000000000098a3      0x65c Src/system_stm32f1xx.o
 .debug_line    0x0000000000009eff      0x83e Src/user_diskio.o
 .debug_line    0x000000000000a73d      0x7e1 Src/w25q64.o
 .debug_line    0x000000000000af1e       0x7f Startup/startup_stm32f103rctx.o

.debug_str      0x0000000000000000    0x80200
 .debug_str     0x0000000000000000    0x7885a Drivers/STM32F1xx_HAL_Driver/Src/stm32f1xx_hal.o
                                      0x78ca5 (size before relaxing)
 .debug_str     0x000000000007885a      0x326 Drivers/STM32F1xx_HAL_Driver/Src/stm32f1xx_hal_cortex.o
                                      0x78cb3 (size before relaxing)
 .debug_str     0x0000000000078b80      0x3a9 Drivers/STM32F1xx_HAL_Driver/Src/stm32f1xx_hal_gpio.o
                                      0x788fa (size before relaxing)
 .debug_str     0x0000000000078f29      0x373 Drivers/STM32F1xx_HAL_Driver/Src/stm32f1xx_hal_rcc.o
                                      0x78933 (size before relaxing)
 .debug_str     0x000000000007929c      0x8c5 Drivers/STM32F1xx_HAL_Driver/Src/stm32f1xx_hal_spi.o
                                      0x78e27 (size before relaxing)
 .debug_str     0x0000000000079b61      0xfbf Drivers/STM32F1xx_HAL_Driver/Src/stm32f1xx_hal_tim.o
                                      0x796fe (size before relaxing)
 .debug_str     0x000000000007ab20      0x579 Drivers/STM32F1xx_HAL_Driver/Src/stm32f1xx_hal_tim_ex.o
                                      0x78efe (size before relaxing)
 .debug_str     0x000000000007b099      0x998 Middlewares/Third_Party/FatFs/src/diskio.o
                                      0x78e59 (size before relaxing)
 .debug_str     0x000000000007ba31      0xe10 Middlewares/Third_Party/FatFs/src/ff.o
                                      0x79c46 (size before relaxing)
 .debug_str     0x000000000007c841       0xa2 Middlewares/Third_Party/FatFs/src/ff_gen_drv.o
                                      0x78eaa (size before relaxing)
 .debug_str     0x000000000007c8e3      0x2da Src/fatfs.o
                                      0x79187 (size before relaxing)
 .debug_str     0x000000000007cbbd      0x3b5 Src/main.o
                                      0x79d5c (size before relaxing)
 .debug_str     0x000000000007cf72       0x25 Src/stm32f1xx_hal_msp.o
                                      0x79061 (size before relaxing)
 .debug_str     0x000000000007cf97       0xc8 Src/stm32f1xx_it.o
                                      0x78a4b (size before relaxing)
 .debug_str     0x000000000007d05f       0x69 Src/system_stm32f1xx.o
                                      0x785ab (size before relaxing)
 .debug_str     0x000000000007d0c8     0x2f69 Src/user_diskio.o
                                      0x7bddd (size before relaxing)
 .debug_str     0x0000000000080031      0x19e Src/w25q64.o
                                      0x78cc1 (size before relaxing)
 .debug_str     0x00000000000801cf       0x31 Startup/startup_stm32f103rctx.o
                                         0x59 (size before relaxing)

.comment        0x0000000000000000       0x7b
 .comment       0x0000000000000000       0x7b Drivers/STM32F1xx_HAL_Driver/Src/stm32f1xx_hal.o
                                         0x7c (size before relaxing)
 .comment       0x000000000000007b       0x7c Drivers/STM32F1xx_HAL_Driver/Src/stm32f1xx_hal_cortex.o
 .comment       0x000000000000007b       0x7c Drivers/STM32F1xx_HAL_Driver/Src/stm32f1xx_hal_gpio.o
 .comment       0x000000000000007b       0x7c Drivers/STM32F1xx_HAL_Driver/Src/stm32f1xx_hal_rcc.o
 .comment       0x000000000000007b       0x7c Drivers/STM32F1xx_HAL_Driver/Src/stm32f1xx_hal_spi.o
 .comment       0x000000000000007b       0x7c Drivers/STM32F1xx_HAL_Driver/Src/stm32f1xx_hal_tim.o
 .comment       0x000000000000007b       0x7c Drivers/STM32F1xx_HAL_Driver/Src/stm32f1xx_hal_tim_ex.o
 .comment       0x000000000000007b       0x7c Middlewares/Third_Party/FatFs/src/diskio.o
 .comment       0x000000000000007b       0x7c Middlewares/Third_Party/FatFs/src/ff.o
 .comment       0x000000000000007b       0x7c Middlewares/Third_Party/FatFs/src/ff_gen_drv.o
 .comment       0x000000000000007b       0x7c Src/fatfs.o
 .comment       0x000000000000007b       0x7c Src/main.o
 .comment       0x000000000000007b       0x7c Src/stm32f1xx_hal_msp.o
 .comment       0x000000000000007b       0x7c Src/stm32f1xx_it.o
 .comment       0x000000000000007b       0x7c Src/system_stm32f1xx.o
 .comment       0x000000000000007b       0x7c Src/user_diskio.o
 .comment       0x000000000000007b       0x7c Src/w25q64.o

.debug_frame    0x0000000000000000     0x3ad0
 .debug_frame   0x0000000000000000      0x334 Drivers/STM32F1xx_HAL_Driver/Src/stm32f1xx_hal.o
 .debug_frame   0x0000000000000334      0x428 Drivers/STM32F1xx_HAL_Driver/Src/stm32f1xx_hal_cortex.o
 .debug_frame   0x000000000000075c      0x14c Drivers/STM32F1xx_HAL_Driver/Src/stm32f1xx_hal_gpio.o
 .debug_frame   0x00000000000008a8      0x21c Drivers/STM32F1xx_HAL_Driver/Src/stm32f1xx_hal_rcc.o
 .debug_frame   0x0000000000000ac4      0x824 Drivers/STM32F1xx_HAL_Driver/Src/stm32f1xx_hal_spi.o
 .debug_frame   0x00000000000012e8     0x10f0 Drivers/STM32F1xx_HAL_Driver/Src/stm32f1xx_hal_tim.o
 .debug_frame   0x00000000000023d8      0x5c0 Drivers/STM32F1xx_HAL_Driver/Src/stm32f1xx_hal_tim_ex.o
 .debug_frame   0x0000000000002998       0xec Middlewares/Third_Party/FatFs/src/diskio.o
 .debug_frame   0x0000000000002a84      0x8d0 Middlewares/Third_Party/FatFs/src/ff.o
 .debug_frame   0x0000000000003354       0xc8 Middlewares/Third_Party/FatFs/src/ff_gen_drv.o
 .debug_frame   0x000000000000341c       0x4c Src/fatfs.o
 .debug_frame   0x0000000000003468      0x100 Src/main.o
 .debug_frame   0x0000000000003568       0xc8 Src/stm32f1xx_hal_msp.o
 .debug_frame   0x0000000000003630      0x128 Src/stm32f1xx_it.o
 .debug_frame   0x0000000000003758       0x58 Src/system_stm32f1xx.o
 .debug_frame   0x00000000000037b0       0xd4 Src/user_diskio.o
 .debug_frame   0x0000000000003884      0x200 Src/w25q64.o
 .debug_frame   0x0000000000003a84       0x2c c:/st/stm32cubeide_1.0.2/stm32cubeide/plugins/com.st.stm32cube.ide.mcu.externaltools.gnu-tools-for-stm32.7-2018-q2-update.win32_1.0.0.201904181610/tools/bin/../lib/gcc/arm-none-eabi/7.3.1/../../../../arm-none-eabi/lib/thumb/v7-m\libc_nano.a(lib_a-init.o)
 .debug_frame   0x0000000000003ab0       0x20 c:/st/stm32cubeide_1.0.2/stm32cubeide/plugins/com.st.stm32cube.ide.mcu.externaltools.gnu-tools-for-stm32.7-2018-q2-update.win32_1.0.0.201904181610/tools/bin/../lib/gcc/arm-none-eabi/7.3.1/../../../../arm-none-eabi/lib/thumb/v7-m\libc_nano.a(lib_a-memset.o)
